>>> 🔴 임박 재확인 후보 중 D-3 이내 긴급 1건 — 취소·연기·변경 여부 재검색 필요
    - D-2 문학주간2026 〈곁눈질〉 (2556687)
    
    **② 지난 축제 표본 점검 후보 (종료 14일 이내) — 4건 중 최대 5건 표본**
    | 종료 후 경과 | 축제(id) | 확인일 |
    |---|---|---|
    | D+2 | GXG 2026 (3499401) | 2026-09-08 |
    | D+4 | 2026 구미 로컬푸드 페스타 (4093222) | 2026-09-08 |
    | D+8 | 서천 홍원항 자연산 전어 꽃게 축제 (141268) | 2026-08-29 |
>>> 🔴 홈에서 도달 불가(고아) 1건
    - /pushtest/
    
    ## 7. 색인 대상 본문 두께 · 판박이 정도
    | 섹션 | 개수 | 최소 | 중앙 | 최대 | 2,000자 미만 | 평균 유사도 |
    |---|---|---|---|---|---|---|
    | 걷기길 | 38 | 2548 | 9332 | 46988 | 0 | 0.043 |
    | 블로그 | 43 | 1552 | 5130 | 7459 | **1** | 0.042 |
    | 오일장 시도 | 99 | 2570 | 3325 | 29276 | 0 | 0.150 |
>>> - 🔴 즉시 고칠 것: **2건**
      - 임박 재확인 후보 중 D-3 이내 긴급 1건 — 취소·연기·변경 여부 재검색 필요
      - 홈에서 도달 불가(고아) 1건
    - 🟠 보강할 것: **7건**
      - 21일 넘게 갱신 안 된 파일 34개
      - 온천 — 빈 시도 5개(대구,인천,광주,세종,제주)
      - 계곡 — 빈 시도 5개(대구,인천,광주,대전,세종)
      - 단풍 — 빈 시도 3개(대구,대전,세종)
      - 무장애 개요 필드 자체 없음
