✓ festival/2026-seonyang-maenmommaraton/index.html
✓ festival/2026-koriageuraendeuseil/index.html
✓ festival/gwangalli-m-marvelous-deuron-raiteusyo/index.html
✓ festival/namsanbongsuuisik-deung-jeontongmunhwahaengsa/index.html
✓ festival/seoul-wanggungsumunjang-gyodaeuisik/index.html
✓ festival/2026-sungnyemun-pasuuisik/index.html
✓ festival/ddp-geonchuktueo/index.html
✓ festival/wanggaui-sanchaek/index.html
✓ festival/pyeongchangsongeochukje/index.html
✓ festival/hamangotgamchukje/index.html
✓ festival/kukireon-kingdeom-ateu-kollabo-peurojekteu-teukbyeoljeon-wid/index.html
✓ festival/daegwallyeongnunkkotchukje/index.html
✓ festival/yangyang-naksanhaebyeon-dalbit-modakbulchukje/index.html
✓ festival/jeongseonmemiljeonbyeongchukje/index.html
✓ festival/wanjusamnyettalgidaechukje/index.html
✓ festival/apap-jakpumtueo-anyanggonggongyesulpeurojekteu/index.html
✓ festival/2026-gungnipgeukjang-ssokssokdeuripeseutibeol/index.html
✓ festival/keullipeo-reiseu-gihangji-haengsa-poteuwikeu-port-week/index.html
✓ festival/ddp-rupeutaptueo/index.html
✓ festival/swimpyo-biugo-meomureugo-chaeuneun/index.html
✓ festival/nonsanttalgichukje/index.html
✓ festival/goryeong-daegayachukje/index.html
✓ festival/sasang-garogongwon-beotkkochyajang-peseutibeol/index.html
✓ festival/jinhaegunhangje/index.html
✓ festival/gyeonggido-munhwasagye-bom-gyeonggi-sangsanghae-bom-peseuta/index.html
✓ festival/saebommaji-yeonsuhanmaeum-chukje/index.html
✓ festival/2026-incheongaehangjang-peseuta-1901-raibeurodeu/index.html
✓ festival/gurye300ri-beotkkotchukje/index.html
✓ festival/2026-haeyangnejeogwangwang-bangnamhoe/index.html
✓ festival/andongbeotkkotchukje/index.html
✓ festival/2026-cheongsandoseullogeotgi-chukje/index.html
✓ festival/guryongmaeul-beotkkotchukje/index.html
✓ festival/gangseo-nakdonggang30ri-beotkkotchukje/index.html
✓ festival/gyeongju-daereungwondoldamgil-chukje/index.html
✓ festival/gimje-kkotbitdeuri-chukje/index.html
✓ festival/seodaemun-bombitchukje/index.html
✓ festival/yeonjegobunpantajichukje/index.html
✓ festival/icheonbaeksa-sansuyukkotchukje/index.html
✓ festival/yeongdeungpo-yeouido-bomkkotchukje/index.html
✓ festival/songpagu-hosubeotkkotchukje/index.html
✓ festival/boeun-beotkkotgil-chukje/index.html
✓ festival/yangjaeateusallong/index.html
✓ festival/gangseobombitpeseuta/index.html
✓ festival/uijeongbu-howon-beotkkot-peseuta/index.html
✓ festival/golcheoreum-beotkkotchukje/index.html
✓ festival/mulgeumbeotkkotchukje/index.html
✓ festival/seogwipoyuchaekkotchukje/index.html
✓ festival/yangyang-namdaecheon-beotkkotchukje/index.html
✓ festival/yudalsan-bomchukje/index.html
✓ festival/teuroteuchukjexbomkkotchukje/index.html
✓ festival/gangneung-gyeongpobeotkkotchukje/index.html
✓ festival/yeongamwanginmunhwachukje/index.html
✓ festival/jecheon-cheongpungho-beotkkotchukje/index.html
✓ festival/anseong-namsadangbaudeogi-pungmuldan-sangseol-gongyeon-gomba/index.html
✓ festival/deoksugung-bamui-seokjojeon/index.html
✓ festival/gyeongbokgung-saenggwabang/index.html
✓ festival/changnyeongnakdonggangyuchaechukje/index.html
✓ festival/2026-doseogwanui-nal-doseogwanjugan/index.html
✓ festival/sancheongnongteuksanmuldaejejeon/index.html
✓ festival/yeojuheungcheonnamhangang-beotkkotchukje/index.html
✓ festival/jinjuttalgichukje/index.html
✓ festival/4-19hyeongmyeonggungminmunhwaje/index.html
✓ festival/seoulseupeuringpeseutibeol/index.html
✓ festival/jayugongwon-beotkkotchukje/index.html
✓ festival/yeongnangho-beotkkotchukje/index.html
✓ festival/2026-daehanminguk-gwahakchukje-with-busangwahakchukjeon/index.html
✓ festival/geumsan-bogoksangol-sanbeotkkot-chukje/index.html
✓ festival/edenbeotkkotgil-beotkkotchukje/index.html
✓ festival/donghaengchukje/index.html
✓ festival/2026-seogwipo-wondosim-munhwapeseutibeol/index.html
✓ festival/changdeokgung-dalbitgihaeng/index.html
✓ festival/gangjin-jeollabyeongyeongseongchukje/index.html
✓ festival/daejeonsaieonseupeseutibeol/index.html
✓ festival/yangju-hoeamsaji-wangsilchukje/index.html
✓ festival/je6hoe-busan-bomkkot-jeonsihoe/index.html
✓ festival/jindosinbiuibadatgilchukje/index.html
✓ festival/seonnongdaeje/index.html
✓ festival/incheoneorinigwahakgwan-noldaboni-gwahak/index.html
✓ festival/biseulsan-chamkkotmunhwaje/index.html
✓ festival/2026-chaek-ikneun-daehanminguk-kaempein-seonposik/index.html
✓ festival/gwangjugukgayusanyahaeng/index.html
✓ festival/udo-sorachukje/index.html
✓ festival/gijangmyeolchichukje/index.html
✓ festival/danjongmunhwaje/index.html
✓ festival/miryanggukgayusanyahaeng/index.html
✓ festival/taebaek-cheonsangui-sannamul-chukje/index.html
✓ festival/2026-daehanminguk-gwahakchukje-in-gyeonggi/index.html
✓ festival/2026-asia-iseupocheu-daehoe/index.html
✓ festival/gwangjuwangsildojapeseutibeol/index.html
✓ festival/icheondojagichukje/index.html
✓ festival/2026-silgyeongyeoksamyujikeol-uiginongae/index.html
✓ festival/gangseoeorini-donghwachukje/index.html
✓ festival/isunsin-chukje/index.html
✓ festival/2026-seupeuringwokeuseoul/index.html
✓ festival/jongmyo-myohyeollye/index.html
✓ festival/gungjungmunhwachukjeon/index.html
✓ festival/hoeryongpo-bomnadeuri-chukje/index.html
✓ festival/naorasyo/index.html
✓ festival/saeyeongyo-jumal-munhwagongyeon-geumtogeumto-saeyeonsyo/index.html
✓ festival/cha-eopneun-jamsugyo-ttubeokttubeokchukje/index.html
✓ festival/chunhyangje/index.html
✓ festival/gwacheonjaejeupikeunik/index.html
✓ festival/ansangukjegeorigeukchukje/index.html
✓ festival/yeosugeobukseonchukje/index.html
✓ festival/imsilnpetseuta/index.html
✓ festival/jinbongsaemangeumboribatchukje/index.html
✓ festival/hajeonbajirak-ogamcheheom-peseutibeol/index.html
✓ festival/hongcheon-sannamulchukje/index.html
✓ festival/damyang-daenamuchukje/index.html
✓ festival/dongasiamunhwadosi-andong/index.html
✓ festival/hadongyasaengchamunhwachukje/index.html
✓ festival/mungyeongchatsabalchukje/index.html
✓ festival/pocheon-hantangang-gadeunpeseuta/index.html
✓ festival/bullocho-wonjeongdae-bullochoreul-chajara/index.html
✓ festival/boryeong-eorininal-ginyeomhaengsa/index.html
✓ festival/pocheonpetseuta/index.html
✓ festival/goheungujuhanggongchukje/index.html
✓ festival/eoriniseonbichukje/index.html
✓ festival/yes-kijeujon/index.html
✓ festival/jongmyodaeje/index.html
✓ festival/je104hoe-eorininal-ginyeomhaengsa/index.html
✓ festival/seoulseokeoseupeseutibeol/index.html
✓ festival/gajogui-dal-eorini-chukje/index.html
✓ festival/eorininal-doseogwan-keun-janchi/index.html
✓ festival/uiwangeorinicheoldochukje/index.html
✓ festival/incheoneorinigwahakgwan-gwahageuro-jaraneun-eorini/index.html
✓ festival/changgyeonggung-yayeon/index.html
✓ festival/ulsansoeburichukje/index.html
✓ festival/yuseongoncheonmunhwachukje/index.html
✓ festival/jeongukppangjijarang/index.html
✓ festival/gyeomjaemunhwayesulje/index.html
✓ festival/seoulsegyedosimunhwachukje/index.html
✓ festival/pajusyupil-2026/index.html
✓ festival/je25hoe-uijeongbueumakgeukchukje/index.html
✓ festival/je132junyeon-donghangnongminhyeongmyeong-ginyeomsik/index.html
✓ festival/2026-gwieogwichon-eochongwangwang-hanmadang/index.html
✓ festival/suragan-sisikgonggam/index.html
✓ festival/seongjuchamoe-saengmyeongmunhwachukje/index.html
✓ festival/geullobeol-yeongdokeopipeseutibeol/index.html
✓ festival/jangmikkot-pil-feel-muryeop/index.html
✓ festival/sejongnakhwachukje/index.html
✓ festival/je12hoe-haneulsupgil-geotgichukje/index.html
✓ festival/kkotmeong-mulmeong-chaekjari/index.html
✓ festival/suwonyeongeukchukje/index.html
✓ festival/jakdangpeseuta/index.html
✓ festival/jungangasia-bommajichukje/index.html
✓ festival/d-festa-georigongyeonchukje/index.html
✓ festival/wonjuyongsugolkkochyanggwibichukje/index.html
✓ festival/ing-peseutibeol/index.html
✓ festival/ppangteojineun-gangneung-ppang-peseuta/index.html
✓ festival/je14hoe-diaseuporayeonghwaje/index.html
✓ festival/busangajokchukje/index.html
✓ festival/yeongju-sobaeksan-cheoljjukje/index.html
✓ festival/colorful-garden-jaraseom-kkot-peseuta/index.html
✓ festival/2026-hayeong-bitnaneun-seogwipo/index.html
✓ festival/chuncheonmaimchukje/index.html
✓ festival/imsilnjangmichukje/index.html
✓ festival/asanoeammaeuryahaeng/index.html
✓ festival/janghanghang-susanmul-kkolgapchukje/index.html
✓ festival/pyeonghwaondam/index.html
✓ festival/ansan-seonghomunhwaje/index.html
✓ festival/oseullou-bintiji-maket/index.html
✓ festival/poteubilliji-busan-2026/index.html
✓ festival/jeonjugukgayusanyahaeng/index.html
✓ festival/gochanggaetbeolchukje/index.html
✓ festival/je3hoe-swieomswieom-hangang-3jong-chukje/index.html
✓ festival/geundaeyeoksamunhwachukjeon/index.html
✓ festival/seongbuksegyeeumsikchukje-nurimasil/index.html
✓ festival/eumseongpumbachukje/index.html
✓ festival/namhae-maneulhanuchukje/index.html
✓ festival/daehanmingugwainchukje/index.html
✓ festival/2026-daehanmingukbulgyomunhwaekseupo/index.html
✓ festival/silhyangminmunhwachukje/index.html
✓ festival/geoje-okpodaecheop-chukje/index.html
✓ festival/gwangallieobangchukje/index.html
✓ festival/gunsan-sujemaekju-beulluseu-peseutibeol/index.html
✓ festival/banditburi-gonchungchukje/index.html
✓ festival/seocho-keullaesik-temapakeu/index.html
✓ festival/jeodo-daemuneochukje/index.html
✓ festival/hansanmosimunhwaje/index.html
✓ festival/2026-kaempingyorichukje/index.html
✓ festival/sejongdanoje/index.html
✓ festival/2026nyeon-gangjedongwon-huisaengjareul-girineun-yujok-simin-/index.html
✓ festival/goyanghaengjumunhwaje/index.html
✓ festival/gimje-moaksan-myujikpeseutibeol/index.html
✓ festival/donggu-mudeungsaninmunchukje-mudeungsaenggak/index.html
✓ festival/jeungpyeongjangtteuldeulloraechukje/index.html
✓ festival/mureungbyeoryucheonji-rabendeochukje/index.html
✓ festival/gangneungdanoje/index.html
✓ festival/2026-nongchonyeohaeng-peseutibeol-je14hoe-dononggyoryuui-nal/index.html
✓ festival/2026-seoulsikpumyutongdaejeon-kpudeusyo/index.html
✓ festival/seoulgugakchukje/index.html
✓ festival/busanhangchukje/index.html
✓ festival/chuncheon-mini-sulpeseuta/index.html
✓ festival/hoengseongsseommeonaitpeseuta/index.html
✓ festival/gangwonhanudei/index.html
✓ festival/gimpoaramarinpeseutibeol/index.html
✓ festival/taehwagangmaduhuichukje/index.html
✓ festival/2026-gongyejugan/index.html
✓ festival/je20hoe-daegugukjemyujikeolpeseutibeol/index.html
✓ festival/yangsanungsanghoeyaje/index.html
✓ festival/choansan-sugukchukje/index.html
✓ festival/myk-festa-maikei-peseuta/index.html
✓ festival/gangjinsugukgilchukje/index.html
✓ festival/muan-yeonkkotchukje/index.html
✓ festival/2026-busanpudeupilleumpeseuta/index.html
✓ festival/semiwon-yeonkkotmunhwaje/index.html
✓ festival/matoyesulje/index.html
✓ festival/supeuro-ora/index.html
✓ festival/gyeongsankapechukje/index.html
✓ festival/daeguchimaekpeseutibeol/index.html
✓ festival/asiapeu-asyaaf-100/index.html
✓ festival/gangneungbichibieopeseutibeol/index.html
✓ festival/buyeoseodongyeonkkotchukje/index.html
✓ festival/2026-wsl-siheung-koria-opeun-gukje-seopingdaehoe/index.html
✓ festival/guparil-daengdaengi-daejanchi/index.html
✓ festival/daeguapsanchukje/index.html
✓ festival/yangpyeongsubakchukje/index.html
✓ festival/geumsansamgyetangchukje/index.html
✓ festival/2026-busanbeuraendeupeseuta/index.html
✓ festival/je18hoe-tongyeongyeongeugyesulchukje/index.html
✓ festival/geurubeu-in-gwanak/index.html
✓ festival/chilgok-kkulmaek-peseutibeol/index.html
✓ festival/insaengdokseoxinsaengseojeom-bukpeeo/index.html
✓ festival/jangsu-kulbaelli-peseutibeol/index.html
✓ festival/hongcheon-charoksusu-chukje/index.html
✓ festival/chuncheon-sseommeowoteo-peseutibeol/index.html
✓ festival/taebaek-haebaragichukje/index.html
✓ festival/je24hoe-dongganggukjesajinje/index.html
✓ festival/cheongnyeonchukje-dalseongwoteoseupeullaesi/index.html
✓ festival/komigwoldeu-summer-2026/index.html
✓ festival/segyeyusanwiwonhoe-daehanmingukgwan-k-heritage-house/index.html
✓ festival/seoulsseommeobichi/index.html
✓ festival/2026nyeon-je26hoe-miryanggongyeonyesulchukje/index.html
✓ festival/myeongjuinhyeonggeukje/index.html
✓ festival/2026-pyeongchangdaegwallyeongeumakje/index.html
✓ festival/piransudo-busan-gukgayusan-yahaeng/index.html
✓ festival/k-haendeumeideupeeo-busan-2026/index.html
✓ festival/boryeongmeodeuchukje/index.html
✓ festival/gwimong-jejusinhwawoldeu/index.html
✓ festival/balkoni-myujiksyo-aen-seuteurit-peseuta/index.html
✓ festival/daegu-donggu-yeoreumchukje-dudusseomdong/index.html
✓ festival/2026-hongcheon-eseupocheu-peseutibeol/index.html
✓ festival/bonghwaeuneochukje/index.html
✓ festival/andong-su-peseuta/index.html
✓ festival/jeongnamjin-jangheung-mulchukje/index.html
✓ festival/seongbungmunhwabakangseu/index.html
✓ festival/gyeongpo-sseommeo-peseutibeol/index.html
✓ festival/sokcho-sseommeopeseutibeol/index.html
✓ festival/yeongju-siwonnaitpeseuta/index.html
✓ festival/incheonpentapoteu-rak-peseutibeol/index.html
✓ festival/ddp-bakangseu-myujikpeseutibeol/index.html
✓ festival/2026-naiteureiseu-in-busan/index.html
✓ festival/samgilpo-ureokchukje/index.html
✓ festival/illeoseuta-peseu-12/index.html
✓ festival/hongcheongang-byeolbicheumak-maekjuchukje/index.html
✓ festival/jeonju-gamaekchukje/index.html
✓ festival/2026-busangukjebulgyobangnamhoe/index.html
✓ festival/seoulpeurinjipeseutibeol2026/index.html
✓ festival/miryang-supeo-peseutibeol/index.html
✓ festival/busanbadachukje/index.html
✓ festival/tongyeonghansandaecheopchukje/index.html
✓ festival/hongseong-gukgayusan-yahaeng/index.html
✓ festival/gangneung-gukgayusan-yahaeng/index.html
✓ festival/busanindikeonekteupeseutibeol-2026/index.html
✓ festival/suwon-gukgayusan-yahaeng/index.html
✓ festival/sacheonsi-samcheonpohang-jayeonsan-jeoneochukje/index.html
✓ festival/k-illeoseuteureisyeonpeeo-magok-2026/index.html
✓ festival/2026-je5hoe-jejubiennalle-heokkeugok-modakchigok-iyahong-bye/index.html
✓ festival/gangjinhamaekchukje/index.html
✓ festival/yeongyanggochu-h-o-t-peseutibeol/index.html
✓ festival/yeongdongpodochukje/index.html
✓ festival/2026-keurieiteo-midieo-daejeon/index.html
✓ festival/janghang-maengmundong-kkot-chukje/index.html
✓ festival/je7hoe-gochangnongak-kkotdaerimchukje/index.html
✓ festival/segyeyusanchukjeon/index.html
✓ festival/2026-ansan-eseupocheu-peseutibeol/index.html
✓ festival/seochomyujigaenateupeseutibeol-smaf/index.html
✓ festival/muan-hwangto-gaetbeolchukje/index.html
✓ festival/teurejeoheonteo-in-jinan/index.html
✓ festival/2026-cheonan-k-keolcheobangnamhoe/index.html
✓ festival/jinjugukgayusanyahaeng/index.html
✓ festival/goryeong-gukgayusan-yahaeng/index.html
✓ festival/gongju-gukgayusan-yahaeng/index.html
✓ festival/waegwan-holli-peseutibeol/index.html
✓ festival/jikjimunhwachukje/index.html
✓ festival/chungju-gukgayusanyahaeng/index.html
✓ festival/mujubanditbulchukje/index.html
✓ festival/pyeongchanghyoseongmunhwaje/index.html
✓ festival/hanyeoreum-bamui-sinjeongho-byeolbitchukje/index.html
✓ festival/2026-seogakonseoteu-syeollokhomjeu/index.html
✓ festival/2026-jeonguk-jangaehaksaeng-epeseutibeol/index.html
✓ festival/2026-gwangju-ace-fair/index.html
✓ festival/jangsuhanurangsagwarangchukje/index.html
✓ festival/geojemaekjuchukje/index.html
✓ festival/boeun-hoein-gukgayusan-yahaeng/index.html
✓ festival/jeonjudokseodaejeon/index.html
✓ festival/seoulgukjejakgachukje/index.html
✓ festival/2026-namdo-k-gadeun-peseutibeol/index.html
✓ festival/gijanggunballyeodongmulmunhwachukje/index.html
✓ festival/gyechon-hyu-buk-myujik-peseutibeol/index.html
✓ festival/daejeon-junggu-bukpeseutibeol/index.html
✓ festival/je14hoe-busangukjehangmankeonpeoreonseu/index.html
✓ festival/2026-gyeongbuk-k-seutori-peseutibeol/index.html
✓ festival/eumseongmyeongjakpeseutibeol/index.html
✓ festival/seoureoteompeseuta-gaemakhaengsa/index.html
✓ festival/goyanghosuyesulchukje/index.html
✓ festival/gwacheongongyeonyesulchukje/index.html
✓ festival/daehanminguk-cheongnyeonui-nal-chukje/index.html
✓ festival/bucheongukjemanhwachukje/index.html
✓ festival/siheunggaetgolchukje/index.html
✓ festival/anyangchumchukje/index.html
✓ festival/jinanhongsamchukje/index.html
✓ festival/yeonggwangbulgapsansangsahwachukje/index.html
✓ festival/gamaksan-kkotbyeol-yeohaeng/index.html
✓ festival/2026-gyeonggidojabiennalle/index.html
✓ festival/siminchangjagyesulchukje-haksanmadanggeungnollae/index.html
✓ festival/ansan-daebupodochukje/index.html
✓ festival/oegyein-daechukje/index.html
✓ festival/suwonhwaseong-midieoateu/index.html
✓ festival/gyeongnamgoseonggongnyongsegyeekseupo/index.html
✓ festival/andonggukjetalchumpeseutibeol/index.html
✓ festival/2026-daehanminguk-dosi-jiyeokhyeoksin-saneopbangnamhoe/index.html
✓ festival/jeongseonarirangje/index.html
✓ festival/gyeryong-munhwachukje/index.html
✓ festival/gimjejipyeongseonchukje/index.html
✓ festival/jisanggunpeseutibeol/index.html
✓ festival/anadeurim-peseutibeol/index.html
✓ festival/busangukjerokpeseutibeol/index.html
✓ festival/bupyeongpungmuldaechukje/index.html
✓ festival/soraepoguchukje/index.html
✓ festival/wanju-waildeu-rokeolpudeuchukje/index.html
✓ festival/gunsansiganyeohaengchukje/index.html
✓ festival/geumsansegyeinsamchukje/index.html
✓ festival/sancheonghanbangyakchochukje/index.html
✓ festival/cheongwonsaengmyeongchukje/index.html
✓ festival/jeongjohyomunhwaje/index.html
✓ festival/gyeongbugyeongju-punggiinsamchukje/index.html
✓ festival/jeongjodaewang-neunghaengcha-gongdongjaehyeon/index.html
✓ festival/suwonhwaseongmunhwaje/index.html
✓ festival/gwangju-chueogui-chungjangchukje/index.html
✓ festival/hamyangsansamchukje/index.html
✓ festival/hoengseonghanuchukje/index.html
✓ festival/jeongeup-gujeolcho-kkotchukje/index.html
✓ festival/welkeomtusingwandong/index.html
✓ festival/seosanhaemieupseongchukje/index.html
✓ festival/sejonghangeulchukje/index.html
✓ festival/siheungwolgotpoguchukje/index.html
✓ festival/sillamunhwaje/index.html
✓ festival/incheongaehangjang-gukgayusan-yahaeng/index.html
✓ festival/je8hoe-yecheongukjeseumateuponyeonghwaje/index.html
✓ festival/2026-ghost-gyeonggi-hallyu-ost-peseutibeol/index.html
✓ festival/chuncheonmakguksudakgalbichukje/index.html
✓ festival/sunchangjangnyuchukje/index.html
✓ festival/yeongdongnangyegugakchukje/index.html
✓ festival/chilgongnakdonggangpyeonghwachukje/index.html
✓ festival/gochangmoyangseongje/index.html
✓ festival/nspudeupeseuta/index.html
✓ festival/gangdongseonsamunhwachukje/index.html
✓ festival/gwanakganggamchanchukje/index.html
✓ festival/geumjeongsanseongchukje/index.html
✓ festival/gimhae-gukgayusan-yahaeng/index.html
✓ festival/dongnaeeupseongyeoksachukje/index.html
✓ festival/mokpohangguchukje/index.html
✓ festival/boeundaechu-chukje/index.html
✓ festival/2026-chungcheongnamdo-deuron-peseuta/index.html
✓ festival/gumipudeupeseutibeol/index.html
✓ festival/sacheoneeosyo/index.html
✓ festival/chiaksan-hanuchukje/index.html
✓ festival/gwangjugimchichukje/index.html
✓ festival/seogwipochilsimnichukje/index.html
✓ festival/seongnamdong-keopipeseutibeol/index.html
✓ festival/cheongsongsagwachukje/index.html
✓ festival/pohanggukjebulbitchukje/index.html
✓ festival/busanbeuritjimaraton/index.html
✓ festival/eoreumnarahwacheon-sancheoneochukje/index.html
✓ festival/index.html
✓ /festival/ — 377 페이지 (허브 1 + 상세 376 · 개요 300 자↑·사진·근처 3 곳↑· 2026 년~)
✓ map/index.html
✓ /map/ — 4,096 지점 · map-data.json 279KB
✓ en/closed/index.html
✓ en/access/index.html
✓ en/calendar/index.html
✓ en/calendar/2026-08/index.html
✓ en/calendar/2026-09/index.html
✓ en/calendar/2026-10/index.html
✓ ja/closed/index.html
✓ ja/access/index.html
✓ ja/calendar/index.html
✓ ja/calendar/2026-08/index.html
✓ ja/calendar/2026-09/index.html
✓ ja/calendar/2026-10/index.html
✓ es/closed/index.html
✓ es/access/index.html
✓ es/calendar/index.html
✓ es/calendar/2026-08/index.html
✓ es/calendar/2026-09/index.html
✓ es/calendar/2026-10/index.html
✓ zh/closed/index.html
✓ zh/access/index.html
✓ zh/calendar/index.html
✓ zh/calendar/2026-08/index.html
✓ zh/calendar/2026-09/index.html
✓ zh/calendar/2026-10/index.html
✓ tw/closed/index.html
✓ tw/access/index.html
✓ tw/calendar/index.html
✓ tw/calendar/2026-08/index.html
✓ tw/calendar/2026-09/index.html
✓ tw/calendar/2026-10/index.html
✓ 외국어 실전 정보 — 30 페이지 (closed/access/calendar × 5개어, 달 페이지 3개월)
✓ 2026-07/index.html
✓ 2026-08/index.html
✓ 2026-09/index.html
✓ 2026-10/index.html
✓ 2026-11/index.html
✓ 2026-12/index.html
✓ jangteo/index.html
✓ blog/boryeong-mud-guide/index.html
✓ blog/ojang-day-guide/index.html
✓ blog/summer-water-festivals-2026/index.html
✓ blog/muju-firefly-festival-guide/index.html
✓ blog/ojang-train-trip-course/index.html
✓ blog/jangheung-water-festival-guide/index.html
✓ blog/andong-mask-dance-festival-guide/index.html
✓ blog/pet-friendly-festival-guide/index.html
✓ blog/busan-sea-festival-guide/index.html
✓ blog/bongpyeong-buckwheat-festival-guide/index.html
✓ blog/autumn-festivals-2026/index.html
✓ blog/valley-summer-guide-2026/index.html
✓ blog/jeju-olle-course-guide/index.html
✓ blog/jeju-olle-course-1/index.html
✓ blog/maple-october-crowd-guide/index.html
✓ blog/festival-food-hours-data/index.html
✓ blog/national-treasure-cities-data/index.html
✓ blog/walking-trails-by-distance/index.html
✓ blog/sangsahwa-kkotmuret-guide/index.html
✓ blog/chuseok-2026-holiday-guide/index.html
✓ blog/festival-transit-access-data/index.html
✓ blog/index.html
✓ editorial/index.html
✓ ./index.html
✓ privacy/index.html
✓ test/index.html
✓ search/index.html
✓ pet/index.html
✓ valley/index.html
✓ maple/index.html
✓ flower/index.html
✓ onsen/index.html
✓ en/search/index.html
✓ en/index.html
✓ ja/search/index.html
✓ ja/index.html
✓ es/search/index.html
✓ es/index.html
✓ zh/search/index.html
✓ zh/index.html
✓ tw/search/index.html
✓ tw/index.html
✓ tw/jangteo/index.html
✓ accessible/index.html
✓ trails/index.html
✓ holiday/index.html
✓ trails/haeparang/index.html
✓ trails/dmz/index.html
✓ trails/seohaerang/index.html
✓ trails/namparang/index.html
✓ trails/gyeonggi-dulle/index.html
✓ trails/galmaetgil/index.html
✓ trails/jejuolle/index.html
✓ trails/baugil/index.html
✓ trails/gubigil/index.html
✓ trails/goyang-nuri/index.html
✓ trails/maeurangwangwangkoseu/index.html
✓ trails/yeoganggil/index.html
✓ trails/daejeondullesangil/index.html
✓ trails/namdosambaengnigil/index.html
✓ trails/yangcheongujiyeongmyeongsotambangkoseu/index.html
✓ trails/chiaksan-dulle/index.html
✓ trails/gubulgil/index.html
✓ trails/daebuhaesolgil/index.html
✓ trails/yehyangcheollimasilgil/index.html
✓ trails/jirisan-dulle/index.html
✓ trails/biseulsan-dulle/index.html
✓ trails/area/gyeongnam/index.html
✓ trails/area/gyeongbuk/index.html
✓ trails/area/gyeonggi/index.html
✓ trails/area/chungnam/index.html
✓ trails/area/daejeon/index.html
✓ trails/area/chungbuk/index.html
✓ trails/area/jeonbuk/index.html
✓ trails/area/jeonnam/index.html
✓ trails/area/daegu/index.html
✓ trails/area/incheon/index.html
✓ trails/area/ulsan/index.html
✓ trails/area/busan/index.html
✓ trails/area/seoul/index.html
✓ trails/area/gangwon/index.html
✓ trails/area/gwangju/index.html
✓ trails/area/jeju/index.html
✓ trails/area/sejong/index.html
✓ trend/index.html
✓ trend/seoul/index.html
✓ trend/busan/index.html
✓ trend/daegu/index.html
✓ trend/incheon/index.html
✓ trend/gwangju/index.html
✓ trend/daejeon/index.html
✓ trend/ulsan/index.html
✓ trend/gyeonggi/index.html
✓ trend/chungbuk/index.html
✓ trend/chungnam/index.html
✓ trend/jeonnam/index.html
✓ trend/gyeongbuk/index.html
✓ trend/gyeongnam/index.html
✓ trend/jeju/index.html
✓ trend/gangwon/index.html
✓ trend/jeonbuk/index.html
✓ trend/valley/index.html
✓ trend/maple/index.html
✓ trend/flower/index.html
✓ trend/onsen/index.html
✓ en/trend/index.html
✓ ja/trend/index.html
✓ es/trend/index.html
✓ zh/trend/index.html
✓ tw/trend/index.html
✓ trip-cost/index.html
✓ mountains/index.html
✓ en/mountains/index.html
✓ ja/mountains/index.html
✓ zh/mountains/index.html
✓ tw/mountains/index.html
✓ cafe/index.html
✓ en/cafe/index.html
✓ ja/cafe/index.html
✓ zh/cafe/index.html
✓ tw/cafe/index.html
✓ hot/index.html
✓ course/d/*.json — 17개 시도 · POI 12694건 · 최대 216KB
✓ course/index.html
✓ course/jeju-walk-2n3d/index.html
✓ course/gangwon-water-1n2d/index.html
✓ course/gyeongbuk-accessible-1d/index.html
✓ course/jeonnam-quiet-1n2d/index.html
✓ course/gyeongnam-pet-1n2d/index.html
✓ course/chungnam-food-1d/index.html
✓ course/gangwon-onsen-1n2d/index.html
✓ course/jeonbuk-walk-1d/index.html
✓ course/gyeonggi-kid-1d/index.html
✓ course/busan-1d/index.html
✓ course/gyeongbuk-quiet-1n2d/index.html
✓ course/chungbuk-nature-1n2d/index.html
✓ /course/ — 13 페이지
✓ trip/d/*.json — 5개 언어(티어를 언어별로 산출) · 45KB
✓ en/trip/index.html
✓ en/trip/first-time/index.html
✓ en/trip/second-time/index.html
✓ en/trip/third-time/index.html
✓ ja/trip/index.html
✓ ja/trip/first-time/index.html
✓ ja/trip/second-time/index.html
✓ ja/trip/third-time/index.html
✓ zh/trip/index.html
✓ zh/trip/first-time/index.html
✓ zh/trip/second-time/index.html
✓ zh/trip/third-time/index.html
✓ tw/trip/index.html
✓ tw/trip/first-time/index.html
✓ tw/trip/second-time/index.html
✓ tw/trip/third-time/index.html
✓ es/trip/index.html
✓ es/trip/first-time/index.html
✓ es/trip/second-time/index.html
✓ es/trip/third-time/index.html
✓ /{lang}/trip/ — 20 페이지
✓ hsearch.json — 478 건 (헤더 검색)
✓ 섹션 사이트맵 — festival:377 · course:13 · trails:39 · blog:22 · lang:74 · core:27
✓ sitemap — 552 개(noindex 20 개 제외) · 내용 그대로라 이전 날짜 유지 2 개 / 갱신 550 개
✓ rss.xml — 21 개 글
✓ sitemap.xml, robots.txt, ads.txt
⚠️ 좌표가 한국 밖이라 지도·근처 계산에서 제외한 것 24건
   - 축제: 2025 세종미술주간 갤러리 가는 날 (117.9925662504, 19.6944274800)
   - 축제: 도심속 바다축제 (37.5153558459, )
   - 축제: 드론봇 페스티벌 (117.9925662504, 19.6944274800)
   - 축제: 현충사 달빛야행 (117.99260273191031, 19.694477084885456)
   - 명산: 영주산 (12.79737228191, 33.4042093891)
   - 단풍: 영주산 (12.79737228191, 33.4042093891)
   - 반려견: 기흥레스피아호수공원 (117.9925662504, 19.6944274800)
   - 반려견: 오산반려동물테마파크 (117.9925662504, 19.6944274800)
   - 반려견: 정부대전청사숲의공원 (117.9925662504, 19.6944274800)
   - 반려견: 살곶이반려견함께쉼터 (117.9925662504, 19.6944274800)
   - 무장애: 금강산콘도 (117.9925662504, 19.6944274800)
   - 무장애: 복하천수변공원 (117.9925662504, 19.6944274800)
   … 외 12건
빌드 완료: 572 페이지
